nohup: ignoring input

Processing copper_mindiff.cc(5859,8,1)...
/pnfs/knu.ac.kr/data/cms/store/user/yeo/HDD/Run_5859/Run_5859_Wave/Run_5859_Wave_MID_8/Run_5859_Wave_MID_8_FILE_0.dat-----------------------------------------------------------------------

Processing copper_mindiff.cc(5860,8,2)...
/pnfs/knu.ac.kr/data/cms/store/user/yeo/HDD/Run_5860/Run_5860_Wave/Run_5860_Wave_MID_8/Run_5860_Wave_MID_8_FILE_0.dat-----------------------------------------------------------------------

Processing copper_mindiff.cc(5861,8,3)...
/pnfs/knu.ac.kr/data/cms/store/user/yeo/HDD/Run_5861/Run_5861_Wave/Run_5861_Wave_MID_8/Run_5861_Wave_MID_8_FILE_0.dat-----------------------------------------------------------------------

Processing copper_mindiff.cc(5862,8,4)...
/pnfs/knu.ac.kr/data/cms/store/user/yeo/HDD/Run_5862/Run_5862_Wave/Run_5862_Wave_MID_8/Run_5862_Wave_MID_8_FILE_0.dat-----------------------------------------------------------------------

Processing copper_mindiff.cc(5863,8,5)...
/pnfs/knu.ac.kr/data/cms/store/user/yeo/HDD/Run_5863/Run_5863_Wave/Run_5863_Wave_MID_8/Run_5863_Wave_MID_8_FILE_0.dat-----------------------------------------------------------------------

Processing copper_mindiff.cc(5864,8,6)...
/pnfs/knu.ac.kr/data/cms/store/user/yeo/HDD/Run_5864/Run_5864_Wave/Run_5864_Wave_MID_8/Run_5864_Wave_MID_8_FILE_0.dat-----------------------------------------------------------------------

Processing copper_mindiff.cc(5865,8,7)...
/pnfs/knu.ac.kr/data/cms/store/user/yeo/HDD/Run_5865/Run_5865_Wave/Run_5865_Wave_MID_8/Run_5865_Wave_MID_8_FILE_0.dat-----------------------------------------------------------------------

Processing copper_mindiff.cc(5866,8,8)...
/pnfs/knu.ac.kr/data/cms/store/user/yeo/HDD/Run_5866/Run_5866_Wave/Run_5866_Wave_MID_8/Run_5866_Wave_MID_8_FILE_0.dat-----------------------------------------------------------------------

Processing copper_mindiff.cc(5867,8,1)...
/pnfs/knu.ac.kr/data/cms/store/user/yeo/HDD/Run_5867/Run_5867_Wave/Run_5867_Wave_MID_8/Run_5867_Wave_MID_8_FILE_0.dat-----------------------------------------------------------------------

Processing copper_mindiff.cc(5868,8,2)...
/pnfs/knu.ac.kr/data/cms/store/user/yeo/HDD/Run_5868/Run_5868_Wave/Run_5868_Wave_MID_8/Run_5868_Wave_MID_8_FILE_0.dat-----------------------------------------------------------------------

Processing copper_mindiff.cc(5869,8,3)...
/pnfs/knu.ac.kr/data/cms/store/user/yeo/HDD/Run_5869/Run_5869_Wave/Run_5869_Wave_MID_8/Run_5869_Wave_MID_8_FILE_0.dat-----------------------------------------------------------------------

Processing copper_mindiff.cc(5870,8,4)...
/pnfs/knu.ac.kr/data/cms/store/user/yeo/HDD/Run_5870/Run_5870_Wave/Run_5870_Wave_MID_8/Run_5870_Wave_MID_8_FILE_0.dat-----------------------------------------------------------------------

Processing copper_mindiff.cc(5871,8,5)...
/pnfs/knu.ac.kr/data/cms/store/user/yeo/HDD/Run_5871/Run_5871_Wave/Run_5871_Wave_MID_8/Run_5871_Wave_MID_8_FILE_0.dat-----------------------------------------------------------------------

Processing copper_mindiff.cc(5872,8,6)...
/pnfs/knu.ac.kr/data/cms/store/user/yeo/HDD/Run_5872/Run_5872_Wave/Run_5872_Wave_MID_8/Run_5872_Wave_MID_8_FILE_0.dat-----------------------------------------------------------------------

Processing copper_mindiff.cc(5873,8,7)...
/pnfs/knu.ac.kr/data/cms/store/user/yeo/HDD/Run_5873/Run_5873_Wave/Run_5873_Wave_MID_8/Run_5873_Wave_MID_8_FILE_0.dat-----------------------------------------------------------------------

Processing copper_mindiff.cc(5874,8,8)...
/pnfs/knu.ac.kr/data/cms/store/user/yeo/HDD/Run_5874/Run_5874_Wave/Run_5874_Wave_MID_8/Run_5874_Wave_MID_8_FILE_0.dat-----------------------------------------------------------------------

Processing copper_mindiff.cc(5875,8,1)...
/pnfs/knu.ac.kr/data/cms/store/user/yeo/HDD/Run_5875/Run_5875_Wave/Run_5875_Wave_MID_8/Run_5875_Wave_MID_8_FILE_0.dat-----------------------------------------------------------------------

Processing copper_mindiff.cc(5876,8,2)...
/pnfs/knu.ac.kr/data/cms/store/user/yeo/HDD/Run_5876/Run_5876_Wave/Run_5876_Wave_MID_8/Run_5876_Wave_MID_8_FILE_0.dat-----------------------------------------------------------------------

Processing copper_mindiff.cc(5877,8,3)...
/pnfs/knu.ac.kr/data/cms/store/user/yeo/HDD/Run_5877/Run_5877_Wave/Run_5877_Wave_MID_8/Run_5877_Wave_MID_8_FILE_0.dat-----------------------------------------------------------------------

Processing copper_mindiff.cc(5878,8,4)...
/pnfs/knu.ac.kr/data/cms/store/user/yeo/HDD/Run_5878/Run_5878_Wave/Run_5878_Wave_MID_8/Run_5878_Wave_MID_8_FILE_0.dat-----------------------------------------------------------------------

Processing copper_mindiff.cc(5879,8,5)...
/pnfs/knu.ac.kr/data/cms/store/user/yeo/HDD/Run_5879/Run_5879_Wave/Run_5879_Wave_MID_8/Run_5879_Wave_MID_8_FILE_0.dat-----------------------------------------------------------------------

Processing copper_mindiff.cc(5880,8,6)...
/pnfs/knu.ac.kr/data/cms/store/user/yeo/HDD/Run_5880/Run_5880_Wave/Run_5880_Wave_MID_8/Run_5880_Wave_MID_8_FILE_0.dat-----------------------------------------------------------------------

Processing copper_mindiff.cc(5881,8,7)...
/pnfs/knu.ac.kr/data/cms/store/user/yeo/HDD/Run_5881/Run_5881_Wave/Run_5881_Wave_MID_8/Run_5881_Wave_MID_8_FILE_0.dat-----------------------------------------------------------------------

Processing copper_mindiff.cc(5882,8,8)...
/pnfs/knu.ac.kr/data/cms/store/user/yeo/HDD/Run_5882/Run_5882_Wave/Run_5882_Wave_MID_8/Run_5882_Wave_MID_8_FILE_0.dat-----------------------------------------------------------------------

Processing copper_mindiff.cc(5883,8,1)...
/pnfs/knu.ac.kr/data/cms/store/user/yeo/HDD/Run_5883/Run_5883_Wave/Run_5883_Wave_MID_8/Run_5883_Wave_MID_8_FILE_0.dat-----------------------------------------------------------------------

Processing copper_mindiff.cc(5884,8,2)...
/pnfs/knu.ac.kr/data/cms/store/user/yeo/HDD/Run_5884/Run_5884_Wave/Run_5884_Wave_MID_8/Run_5884_Wave_MID_8_FILE_0.dat-----------------------------------------------------------------------

Processing copper_mindiff.cc(5885,8,3)...
/pnfs/knu.ac.kr/data/cms/store/user/yeo/HDD/Run_5885/Run_5885_Wave/Run_5885_Wave_MID_8/Run_5885_Wave_MID_8_FILE_0.dat-----------------------------------------------------------------------

Processing copper_mindiff.cc(5886,8,4)...
/pnfs/knu.ac.kr/data/cms/store/user/yeo/HDD/Run_5886/Run_5886_Wave/Run_5886_Wave_MID_8/Run_5886_Wave_MID_8_FILE_0.dat-----------------------------------------------------------------------

Processing copper_mindiff.cc(5887,8,5)...
/pnfs/knu.ac.kr/data/cms/store/user/yeo/HDD/Run_5887/Run_5887_Wave/Run_5887_Wave_MID_8/Run_5887_Wave_MID_8_FILE_0.dat-----------------------------------------------------------------------

Processing copper_mindiff.cc(5888,8,6)...
/pnfs/knu.ac.kr/data/cms/store/user/yeo/HDD/Run_5888/Run_5888_Wave/Run_5888_Wave_MID_8/Run_5888_Wave_MID_8_FILE_0.dat-----------------------------------------------------------------------

Processing copper_mindiff.cc(5889,8,7)...
/pnfs/knu.ac.kr/data/cms/store/user/yeo/HDD/Run_5889/Run_5889_Wave/Run_5889_Wave_MID_8/Run_5889_Wave_MID_8_FILE_0.dat-----------------------------------------------------------------------

Processing copper_mindiff.cc(5890,8,8)...
/pnfs/knu.ac.kr/data/cms/store/user/yeo/HDD/Run_5890/Run_5890_Wave/Run_5890_Wave_MID_8/Run_5890_Wave_MID_8_FILE_0.dat-----------------------------------------------------------------------

Processing copper_mindiff.cc(5891,8,1)...
/pnfs/knu.ac.kr/data/cms/store/user/yeo/HDD/Run_5891/Run_5891_Wave/Run_5891_Wave_MID_8/Run_5891_Wave_MID_8_FILE_0.dat-----------------------------------------------------------------------

Processing copper_mindiff.cc(5892,8,2)...
/pnfs/knu.ac.kr/data/cms/store/user/yeo/HDD/Run_5892/Run_5892_Wave/Run_5892_Wave_MID_8/Run_5892_Wave_MID_8_FILE_0.dat-----------------------------------------------------------------------

Processing copper_mindiff.cc(5893,8,3)...
/pnfs/knu.ac.kr/data/cms/store/user/yeo/HDD/Run_5893/Run_5893_Wave/Run_5893_Wave_MID_8/Run_5893_Wave_MID_8_FILE_0.dat-----------------------------------------------------------------------

Processing copper_mindiff.cc(5894,8,4)...
/pnfs/knu.ac.kr/data/cms/store/user/yeo/HDD/Run_5894/Run_5894_Wave/Run_5894_Wave_MID_8/Run_5894_Wave_MID_8_FILE_0.dat-----------------------------------------------------------------------

Processing copper_mindiff.cc(5895,8,5)...
/pnfs/knu.ac.kr/data/cms/store/user/yeo/HDD/Run_5895/Run_5895_Wave/Run_5895_Wave_MID_8/Run_5895_Wave_MID_8_FILE_0.dat-----------------------------------------------------------------------

Processing copper_mindiff.cc(5896,8,6)...
/pnfs/knu.ac.kr/data/cms/store/user/yeo/HDD/Run_5896/Run_5896_Wave/Run_5896_Wave_MID_8/Run_5896_Wave_MID_8_FILE_0.dat-----------------------------------------------------------------------

Processing copper_mindiff.cc(5897,8,7)...
/pnfs/knu.ac.kr/data/cms/store/user/yeo/HDD/Run_5897/Run_5897_Wave/Run_5897_Wave_MID_8/Run_5897_Wave_MID_8_FILE_0.dat-----------------------------------------------------------------------

Processing copper_mindiff.cc(5898,8,8)...
/pnfs/knu.ac.kr/data/cms/store/user/yeo/HDD/Run_5898/Run_5898_Wave/Run_5898_Wave_MID_8/Run_5898_Wave_MID_8_FILE_0.dat-----------------------------------------------------------------------

Processing copper_mindiff.cc(5899,8,1)...
/pnfs/knu.ac.kr/data/cms/store/user/yeo/HDD/Run_5899/Run_5899_Wave/Run_5899_Wave_MID_8/Run_5899_Wave_MID_8_FILE_0.dat-----------------------------------------------------------------------

Processing copper_mindiff.cc(5900,8,2)...
/pnfs/knu.ac.kr/data/cms/store/user/yeo/HDD/Run_5900/Run_5900_Wave/Run_5900_Wave_MID_8/Run_5900_Wave_MID_8_FILE_0.dat-----------------------------------------------------------------------

Processing copper_mindiff.cc(5901,8,3)...
/pnfs/knu.ac.kr/data/cms/store/user/yeo/HDD/Run_5901/Run_5901_Wave/Run_5901_Wave_MID_8/Run_5901_Wave_MID_8_FILE_0.dat-----------------------------------------------------------------------

Processing copper_mindiff.cc(5902,8,4)...
/pnfs/knu.ac.kr/data/cms/store/user/yeo/HDD/Run_5902/Run_5902_Wave/Run_5902_Wave_MID_8/Run_5902_Wave_MID_8_FILE_0.dat-----------------------------------------------------------------------

Processing copper_mindiff.cc(5903,8,5)...
/pnfs/knu.ac.kr/data/cms/store/user/yeo/HDD/Run_5903/Run_5903_Wave/Run_5903_Wave_MID_8/Run_5903_Wave_MID_8_FILE_0.dat-----------------------------------------------------------------------

Processing copper_mindiff.cc(5904,8,6)...
/pnfs/knu.ac.kr/data/cms/store/user/yeo/HDD/Run_5904/Run_5904_Wave/Run_5904_Wave_MID_8/Run_5904_Wave_MID_8_FILE_0.dat-----------------------------------------------------------------------

Processing copper_mindiff.cc(5905,8,7)...
/pnfs/knu.ac.kr/data/cms/store/user/yeo/HDD/Run_5905/Run_5905_Wave/Run_5905_Wave_MID_8/Run_5905_Wave_MID_8_FILE_0.dat-----------------------------------------------------------------------

Processing copper_mindiff.cc(5906,8,8)...
/pnfs/knu.ac.kr/data/cms/store/user/yeo/HDD/Run_5906/Run_5906_Wave/Run_5906_Wave_MID_8/Run_5906_Wave_MID_8_FILE_0.dat-----------------------------------------------------------------------

Processing copper_mindiff.cc(5907,8,1)...
/pnfs/knu.ac.kr/data/cms/store/user/yeo/HDD/Run_5907/Run_5907_Wave/Run_5907_Wave_MID_8/Run_5907_Wave_MID_8_FILE_0.dat-----------------------------------------------------------------------

Processing copper_mindiff.cc(5908,8,2)...
/pnfs/knu.ac.kr/data/cms/store/user/yeo/HDD/Run_5908/Run_5908_Wave/Run_5908_Wave_MID_8/Run_5908_Wave_MID_8_FILE_0.dat-----------------------------------------------------------------------

Processing copper_mindiff.cc(5909,8,3)...
/pnfs/knu.ac.kr/data/cms/store/user/yeo/HDD/Run_5909/Run_5909_Wave/Run_5909_Wave_MID_8/Run_5909_Wave_MID_8_FILE_0.dat-----------------------------------------------------------------------

Processing copper_mindiff.cc(5910,8,4)...
/pnfs/knu.ac.kr/data/cms/store/user/yeo/HDD/Run_5910/Run_5910_Wave/Run_5910_Wave_MID_8/Run_5910_Wave_MID_8_FILE_0.dat-----------------------------------------------------------------------

Processing copper_mindiff.cc(5911,8,5)...
/pnfs/knu.ac.kr/data/cms/store/user/yeo/HDD/Run_5911/Run_5911_Wave/Run_5911_Wave_MID_8/Run_5911_Wave_MID_8_FILE_0.dat-----------------------------------------------------------------------

Processing copper_mindiff.cc(5912,8,6)...
/pnfs/knu.ac.kr/data/cms/store/user/yeo/HDD/Run_5912/Run_5912_Wave/Run_5912_Wave_MID_8/Run_5912_Wave_MID_8_FILE_0.dat-----------------------------------------------------------------------

Processing copper_mindiff.cc(5913,8,7)...
/pnfs/knu.ac.kr/data/cms/store/user/yeo/HDD/Run_5913/Run_5913_Wave/Run_5913_Wave_MID_8/Run_5913_Wave_MID_8_FILE_0.dat-----------------------------------------------------------------------

Processing copper_mindiff.cc(5914,8,8)...
/pnfs/knu.ac.kr/data/cms/store/user/yeo/HDD/Run_5914/Run_5914_Wave/Run_5914_Wave_MID_8/Run_5914_Wave_MID_8_FILE_0.dat-----------------------------------------------------------------------

Processing copper_mindiff.cc(5915,8,1)...
/pnfs/knu.ac.kr/data/cms/store/user/yeo/HDD/Run_5915/Run_5915_Wave/Run_5915_Wave_MID_8/Run_5915_Wave_MID_8_FILE_0.dat-----------------------------------------------------------------------

Processing copper_mindiff.cc(5916,8,2)...
/pnfs/knu.ac.kr/data/cms/store/user/yeo/HDD/Run_5916/Run_5916_Wave/Run_5916_Wave_MID_8/Run_5916_Wave_MID_8_FILE_0.dat-----------------------------------------------------------------------

Processing copper_mindiff.cc(5917,8,3)...
/pnfs/knu.ac.kr/data/cms/store/user/yeo/HDD/Run_5917/Run_5917_Wave/Run_5917_Wave_MID_8/Run_5917_Wave_MID_8_FILE_0.dat-----------------------------------------------------------------------

Processing copper_mindiff.cc(5918,8,4)...
/pnfs/knu.ac.kr/data/cms/store/user/yeo/HDD/Run_5918/Run_5918_Wave/Run_5918_Wave_MID_8/Run_5918_Wave_MID_8_FILE_0.dat-----------------------------------------------------------------------

Processing copper_mindiff.cc(5919,8,5)...
/pnfs/knu.ac.kr/data/cms/store/user/yeo/HDD/Run_5919/Run_5919_Wave/Run_5919_Wave_MID_8/Run_5919_Wave_MID_8_FILE_0.dat-----------------------------------------------------------------------

Processing copper_mindiff.cc(5920,8,6)...
/pnfs/knu.ac.kr/data/cms/store/user/yeo/HDD/Run_5920/Run_5920_Wave/Run_5920_Wave_MID_8/Run_5920_Wave_MID_8_FILE_0.dat-----------------------------------------------------------------------

Processing copper_mindiff.cc(5921,8,7)...
/pnfs/knu.ac.kr/data/cms/store/user/yeo/HDD/Run_5921/Run_5921_Wave/Run_5921_Wave_MID_8/Run_5921_Wave_MID_8_FILE_0.dat-----------------------------------------------------------------------

Processing copper_mindiff.cc(5922,8,8)...
/pnfs/knu.ac.kr/data/cms/store/user/yeo/HDD/Run_5922/Run_5922_Wave/Run_5922_Wave_MID_8/Run_5922_Wave_MID_8_FILE_0.dat-----------------------------------------------------------------------
